exports[`renders radio button correctly 1`] = `
.c0 {
  display: flex;
  justify-content: space-between;
  @media (max-width: 1036px) {
    display: grid;
    grid-template-columns: 1fr 1fr;
    justify-content: space-between;
  }
}

.c1 {
  background-color: #8FE8DF;
  color: white;
  border-radius: 16px;
  padding: 6px 40px 6px 40px;
  display: inline-block;
  font-weight: 400;
  text-align: center;
  vertical-align: middle;
  cursor: pointer;
  -webkit-user-select: none;
  -ms-user-select: none;
  user-select: none;
  background-color: transparent;
  border: 1px solid transparent;
  padding: 0.375rem 0.75rem;
  font-size: 1rem;
  line-height: 1.5;
  border-radius: 0.25rem;
  transition: color 0.15s ease-in-out, background-color 0.15s ease-in-out,
    border-color 0.15s ease-in-out, box-shadow 0.15s ease-in-out;
  @media (max-width: 1036px) {
    margin: 5px;
    padding: 6px 5px 6px 5px;
  }
}

<div className="c0">
  <button class="c1">bi-weekly</button>
  <button class="c1">monthly</button>
  <button class="c1">quarterly</button>
  <button class="c1">yearly</button>
</div>

`;
