// Jest Snapshot v1, https://goo.gl/fbAQLP

exports[`renders radio buttons correctly 1`] = `
.c1 {
  display: inline-block;
  font-weight: 400;
  color: #212529;
  text-align: center;
  vertical-align: middle;
  cursor: pointer;
  -webkit-user-select: none;
  -ms-user-select: none;
  -webkit-user-select: none;
  -moz-user-select: none;
  -ms-user-select: none;
  user-select: none;
  background-color: transparent;
  border: 1px solid transparent;
  padding: 0.375rem 0.75rem;
  font-size: 1rem;
  border-radius: 0.25rem;
  -webkit-transition: color 0.15s ease-in-out,background-color 0.15s ease-in-out, border-color 0.15s ease-in-out,box-shadow 0.15s ease-in-out;
  transition: color 0.15s ease-in-out,background-color 0.15s ease-in-out, border-color 0.15s ease-in-out,box-shadow 0.15s ease-in-out;
}

.c1:focus {
  outline: 0;
}

.c0 {
  display: -webkit-box;
  display: -webkit-flex;
  display: -ms-flexbox;
  display: flex;
  -webkit-box-pack: justify;
  -webkit-justify-content: space-between;
  -ms-flex-pack: justify;
  justify-content: space-between;
}

.c2 {
  background-color: #2EC4B6;
  color: white;
  border-radius: 16px;
  padding: 6px 40px 6px 40px;
}

.c3 {
  background-color: #8FE8DF;
  color: white;
  border-radius: 16px;
  padding: 6px 40px 6px 40px;
}

@media (max-width:1036px) {
  .c0 {
    display: grid;
    grid-template-columns: 1fr 1fr;
    -webkit-box-pack: justify;
    -webkit-justify-content: space-between;
    -ms-flex-pack: justify;
    justify-content: space-between;
  }
}

@media (max-width:1036px) {
  .c2 {
    margin: 5px;
    padding: 6px 5px 6px 5px;
  }
}

@media (max-width:1036px) {
  .c3 {
    margin: 5px;
    padding: 6px 5px 6px 5px;
  }
}

<div
  className="c0"
>
  <button
    className="c1 c2"
    onClick={[Function]}
  >
    bi-weekly
  </button>
  <button
    className="c1 c3"
    onClick={[Function]}
  >
    monthly
  </button>
  <button
    className="c1 c3"
    onClick={[Function]}
  >
    quarterly
  </button>
  <button
    className="c1 c3"
    onClick={[Function]}
  >
    yearly
  </button>
</div>
`;
